// Jest Snapshot v1, https://goo.gl/fbAQLP

exports[`with basic props Should render snapshot properly 1`] = `ShallowWrapper {}`;
